---
source: crates/perfgate-cli/tests/cli_help_snapshot_tests.rs
assertion_line: 809
expression: "help_output(&[\"review\", \"explain\", \"--help\"])"
---
Explain first-use performance posture without changing config or baselines

Usage: perfgate review explain [OPTIONS] --bench <BENCH>

Options:
      --config <CONFIG> Path to the config file (TOML or JSON) [default: perfgate.toml]
      --out-dir <DIR> Output directory containing recent artifacts. Defaults to [defaults].out_dir or artifacts/perfgate
      --bench <BENCH> Benchmark to explain
      --json Emit machine-readable JSON instead of human-readable text
  -h, --help Print help

Global Options:
      --baseline-server <BASELINE_SERVER> URL of the baseline server (e.g., http://localhost:3000/api/v1) Can also be set via PERFGATE_SERVER_URL environment variable
      --api-key <API_KEY> API key for authentication with the baseline server. Can also be set via PERFGATE_API_KEY environment variable
      --project <PROJECT> Project name for multi-tenancy. Can also be set via PERFGATE_PROJECT environment variable
