---
source: crates/perfgate/src/app/report.rs
assertion_line: 400
expression: "serde_json::to_value(&result.report).unwrap()"
---
{
  "compare": {
    "baseline_ref": {
      "path": "baseline.json",
      "run_id": "baseline-001"
    },
    "bench": {
      "command": [
        "echo",
        "hello"
      ],
      "name": "test-bench",
      "repeat": 5,
      "warmup": 0
    },
    "budgets": {
      "wall_ms": {
        "direction": "lower",
        "threshold": 0.2,
        "warn_threshold": 0.18
      }
    },
    "current_ref": {
      "path": "current.json",
      "run_id": "current-001"
    },
    "deltas": {
      "wall_ms": {
        "baseline": 1000.0,
        "current": 1500.0,
        "pct": 0.5,
        "ratio": 1.5,
        "regression": 0.5,
        "status": "fail"
      }
    },
    "schema": "perfgate.compare.v1",
    "tool": {
      "name": "perfgate",
      "version": "0.1.0"
    },
    "verdict": {
      "counts": {
        "fail": 1,
        "pass": 0,
        "skip": 0,
        "warn": 0
      },
      "reasons": [
        "wall_ms_fail"
      ],
      "status": "fail"
    }
  },
  "findings": [
    {
      "check_id": "perf.budget",
      "code": "metric_fail",
      "data": {
        "baseline": 1000.0,
        "current": 1500.0,
        "direction": "lower",
        "metric_name": "wall_ms",
        "regression_pct": 0.5,
        "threshold": 0.2
      },
      "message": "Performance regression exceeded threshold for wall_ms: 50.00% regression (threshold: 20.00%)",
      "severity": "fail"
    }
  ],
  "report_type": "perfgate.report.v1",
  "summary": {
    "fail_count": 1,
    "pass_count": 0,
    "total_count": 1,
    "warn_count": 0
  },
  "verdict": {
    "counts": {
      "fail": 1,
      "pass": 0,
      "skip": 0,
      "warn": 0
    },
    "reasons": [
      "wall_ms_fail"
    ],
    "status": "fail"
  }
}
